
R version 3.2.2 (2015-08-14) -- "Fire Safety"
Copyright (C) 2015 The R Foundation for Statistical Computing
Platform: x86_64-apple-darwin13.4.0 (64-bit)

R is free software and comes with ABSOLUTELY NO WARRANTY.
You are welcome to redistribute it under certain conditions.
Type 'license()' or 'licence()' for distribution details.

  Natural language support but running in an English locale

R is a collaborative project with many contributors.
Type 'contributors()' for more information and
'citation()' on how to cite R or R packages in publications.

Type 'demo()' for some demos, 'help()' for on-line help, or
'help.start()' for an HTML browser interface to help.
Type 'q()' to quit R.

> pkgname <- "FUCHIKOMA"
> source(file.path(R.home("share"), "R", "examples-header.R"))
> options(warn = 1)
> library('FUCHIKOMA')
Loading required package: destiny
Loading required package: Biobase
Loading required package: BiocGenerics
Loading required package: parallel

Attaching package: ‘BiocGenerics’

The following objects are masked from ‘package:parallel’:

    clusterApply, clusterApplyLB, clusterCall, clusterEvalQ,
    clusterExport, clusterMap, parApply, parCapply, parLapply,
    parLapplyLB, parRapply, parSapply, parSapplyLB

The following objects are masked from ‘package:stats’:

    IQR, mad, xtabs

The following objects are masked from ‘package:base’:

    Filter, Find, Map, Position, Reduce, anyDuplicated, append,
    as.data.frame, as.vector, cbind, colnames, do.call, duplicated,
    eval, evalq, get, grep, grepl, intersect, is.unsorted, lapply,
    lengths, mapply, match, mget, order, paste, pmax, pmax.int, pmin,
    pmin.int, rank, rbind, rownames, sapply, setdiff, sort, table,
    tapply, union, unique, unlist, unsplit

Welcome to Bioconductor

    Vignettes contain introductory material; view with
    'browseVignettes()'. To cite Bioconductor, see
    'citation("Biobase")', and for packages 'citation("pkgname")'.

Note: the specification for S3 class “family” in package ‘MatrixModels’ seems equivalent to one from package ‘lme4’: not turning on duplicate class definitions for this class.
Loading required package: doParallel
Loading required package: foreach
Loading required package: iterators
> 
> base::assign(".oldSearch", base::search(), pos = 'CheckExEnv')
> cleanEx()
> nameEx("CatKernel")
> ### * CatKernel
> 
> flush(stderr()); flush(stdout())
> 
> ### Name: CatKernel
> ### Title: Categorical Kernel function
> ### Aliases: CatKernel
> 
> ### ** Examples
> 
> data(MARS)
Warning in data(MARS) : data set ‘MARS’ not found
> L <- CatKernel(label.MARS, type="one_vs_rest")
Error in CatKernel(label.MARS, type = "one_vs_rest") : 
  object 'label.MARS' not found
Execution halted
